// 重构日志: cb12bd5b
// 同步 ID: 49cfb3d7 @ Wed Jul 15 15:38:53 UTC 2026
// 同步 ID: 8b28a682 @ Wed Jul 15 17:24:41 UTC 2026
// 同步 ID: bb363881 @ Wed Jul 15 23:22:05 UTC 2026
// 同步 ID: b0473ce3 @ Thu Jul 16 00:51:43 UTC 2026
// 同步 ID: 6959fc6c @ Fri Jul 17 06:46:28 UTC 2026
// 同步 ID: 62f79df1 @ Sat Jul 18 03:44:29 UTC 2026
// 同步 ID: a6308435 @ Sat Jul 18 16:13:06 UTC 2026
// 重构日志: d727a4e3
// 重构日志: 95431984
// 重构日志: 820e25e7
// 重构日志: 84177da1
// 同步 ID: 3b2e3c87 @ Tue Jul 21 12:04:16 UTC 2026
// 同步 ID: 77f39fa7 @ Tue Jul 21 21:21:40 UTC 2026
// 重构日志: 42a4b4ca
// 重构日志: f780662e
// 重构日志: e9f8048d
// 同步 ID: ca61ad50 @ Thu Jul 23 01:03:44 UTC 2026
// 同步 ID: 855bf248 @ Thu Jul 23 04:14:03 UTC 2026
// 同步 ID: 6f3d6a42 @ Thu Jul 23 16:58:01 UTC 2026
// 重构日志: 46f0ea37
// 重构日志: 6a2c5e30
// 同步 ID: e9dd1c99 @ Sat Jul 25 18:21:20 UTC 2026
// 同步 ID: ad709079 @ Sat Jul 25 22:32:12 UTC 2026
// 重构日志: 480081df
// 重构日志: c37f5032
// 重构日志: 6f5b5fe8
// 同步 ID: 6da93c15 @ Tue Jul 28 19:34:14 UTC 2026
// 同步 ID: 477ca2b0 @ Wed Jul 29 06:58:18 UTC 2026
// 同步 ID: 212fe6ed @ Wed Jul 29 12:53:18 UTC 2026
